PROGRESS packet=1 scale_max=100 multipliers=99
PROGRESS packet=2 scale_max=100 multipliers=198
PROGRESS packet=3 scale_max=100 multipliers=297
PROGRESS packet=4 scale_max=100 multipliers=396
PROGRESS packet=5 scale_max=100 multipliers=495
PROGRESS packet=6 scale_max=100 multipliers=594
PROGRESS packet=7 scale_max=100 multipliers=693
PROGRESS packet=8 scale_max=100 multipliers=792
PROGRESS packet=9 scale_max=100 multipliers=891
PROGRESS packet=10 scale_max=100 multipliers=990
PROGRESS packet=11 scale_max=100 multipliers=1089
PROGRESS packet=12 scale_max=100 multipliers=1188
STATUS=NO_SCALAR_INDUCED_5x5_IN_RANGE
packet_range=[1,12]
scale_range=[2,100]
packet_multiplier_pairs=1188
candidate_shifts_tested=3024796
shifts_with_support_at_least_five=3564
best_new_support=0
best_new_record=None
