PROGRESS packet=37 scale_max=100 multipliers=99
PROGRESS packet=38 scale_max=100 multipliers=198
PROGRESS packet=39 scale_max=100 multipliers=297
PROGRESS packet=40 scale_max=100 multipliers=396
PROGRESS packet=41 scale_max=100 multipliers=495
PROGRESS packet=42 scale_max=100 multipliers=594
PROGRESS packet=43 scale_max=100 multipliers=693
PROGRESS packet=44 scale_max=100 multipliers=792
PROGRESS packet=45 scale_max=100 multipliers=891
PROGRESS packet=46 scale_max=100 multipliers=990
PROGRESS packet=47 scale_max=100 multipliers=1089
PROGRESS packet=48 scale_max=100 multipliers=1188
STATUS=NO_SCALAR_INDUCED_5x5_IN_RANGE
packet_range=[37,48]
scale_range=[2,100]
packet_multiplier_pairs=1188
candidate_shifts_tested=7210685
shifts_with_support_at_least_five=3564
best_new_support=0
best_new_record=None
