PROGRESS packet=49 scale_max=100 multipliers=99
PROGRESS packet=50 scale_max=100 multipliers=198
PROGRESS packet=51 scale_max=100 multipliers=297
PROGRESS packet=52 scale_max=100 multipliers=396
PROGRESS packet=53 scale_max=100 multipliers=495
PROGRESS packet=54 scale_max=100 multipliers=594
PROGRESS packet=55 scale_max=100 multipliers=693
PROGRESS packet=56 scale_max=100 multipliers=792
PROGRESS packet=57 scale_max=100 multipliers=891
PROGRESS packet=58 scale_max=100 multipliers=990
PROGRESS packet=59 scale_max=100 multipliers=1089
PROGRESS packet=60 scale_max=100 multipliers=1188
STATUS=NO_SCALAR_INDUCED_5x5_IN_RANGE
packet_range=[49,60]
scale_range=[2,100]
packet_multiplier_pairs=1188
candidate_shifts_tested=8252393
shifts_with_support_at_least_five=3564
best_new_support=0
best_new_record=None
