PROGRESS packet=25 scale_max=100 multipliers=99
PROGRESS packet=26 scale_max=100 multipliers=198
PROGRESS packet=27 scale_max=100 multipliers=297
PROGRESS packet=28 scale_max=100 multipliers=396
PROGRESS packet=29 scale_max=100 multipliers=495
PROGRESS packet=30 scale_max=100 multipliers=594
PROGRESS packet=31 scale_max=100 multipliers=693
PROGRESS packet=32 scale_max=100 multipliers=792
PROGRESS packet=33 scale_max=100 multipliers=891
PROGRESS packet=34 scale_max=100 multipliers=990
PROGRESS packet=35 scale_max=100 multipliers=1089
PROGRESS packet=36 scale_max=100 multipliers=1188
STATUS=NO_SCALAR_INDUCED_5x5_IN_RANGE
packet_range=[25,36]
scale_range=[2,100]
packet_multiplier_pairs=1188
candidate_shifts_tested=6251807
shifts_with_support_at_least_five=3564
best_new_support=0
best_new_record=None
